// Jest Snapshot v1, https://goo.gl/fbAQLP

exports[`Signin component snapshots should match snapshot 1`] = `
<div>
  <form
    class="Form"
    novalidate=""
  >
    <div
      class="MuiContainer-root MuiContainer-maxWidthSm css-13lkdan-MuiContainer-root"
    >
      <div
        class="MuiPaper-root MuiPaper-elevation MuiPaper-rounded MuiPaper-elevation20 MuiCard-root css-15lscty-MuiPaper-root-MuiCard-root"
        style="--Paper-shadow: 0px 10px 13px -6px rgba(0,0,0,0.2),0px 20px 31px 3px rgba(0,0,0,0.14),0px 8px 38px 7px rgba(0,0,0,0.12);"
      >
        <div
          class="MuiCardContent-root css-1lt5qva-MuiCardContent-root"
        >
          <h5
            class="MuiTypography-root MuiTypography-h5 css-jtuz0n-MuiTypography-root"
          >
            signin
          </h5>
          <div>
            <div
              class="MuiFormControl-root MuiFormControl-fullWidth MuiTextField-root css-16uidzt-MuiFormControl-root-MuiTextField-root"
              data-testid="email"
            >
              <label
                class="MuiFormLabel-root MuiInputLabel-root MuiInputLabel-formControl MuiInputLabel-animated MuiInputLabel-shrink MuiInputLabel-sizeMedium MuiInputLabel-outlined MuiFormLabel-colorPrimary Mui-focused Mui-required MuiInputLabel-root MuiInputLabel-formControl MuiInputLabel-animated MuiInputLabel-shrink MuiInputLabel-sizeMedium MuiInputLabel-outlined css-113d811-MuiFormLabel-root-MuiInputLabel-root"
                data-shrink="true"
                for=":r0:"
                id=":r0:-label"
              >
                email
                <span
                  aria-hidden="true"
                  class="MuiFormLabel-asterisk MuiInputLabel-asterisk css-1ljffdk-MuiFormLabel-asterisk"
                >
                   
                  *
                </span>
              </label>
              <div
                class="MuiInputBase-root MuiOutlinedInput-root MuiInputBase-colorPrimary MuiInputBase-fullWidth Mui-focused MuiInputBase-formControl css-1blp12k-MuiInputBase-root-MuiOutlinedInput-root"
              >
                <input
                  aria-describedby=":r0:-helper-text"
                  aria-invalid="false"
                  class="MuiInputBase-input MuiOutlinedInput-input css-16wblaj-MuiInputBase-input-MuiOutlinedInput-input"
                  id=":r0:"
                  name="email"
                  required=""
                  type="email"
                  value=""
                />
                <fieldset
                  aria-hidden="true"
                  class="MuiOutlinedInput-notchedOutline css-1ll44ll-MuiOutlinedInput-notchedOutline"
                >
                  <legend
                    class="css-w1u3ce"
                  >
                    <span>
                      email
                       
                      *
                    </span>
                  </legend>
                </fieldset>
              </div>
              <p
                class="MuiFormHelperText-root MuiFormHelperText-sizeMedium MuiFormHelperText-contained Mui-focused Mui-required css-er619e-MuiFormHelperText-root"
                id=":r0:-helper-text"
              >
                required
              </p>
            </div>
          </div>
          <div>
            <div
              class="MuiFormControl-root MuiFormControl-fullWidth MuiTextField-root css-16uidzt-MuiFormControl-root-MuiTextField-root"
              data-testid="password"
            >
              <label
                class="MuiFormLabel-root MuiInputLabel-root MuiInputLabel-formControl MuiInputLabel-animated MuiInputLabel-sizeMedium MuiInputLabel-outlined MuiFormLabel-colorPrimary Mui-required MuiInputLabel-root MuiInputLabel-formControl MuiInputLabel-animated MuiInputLabel-sizeMedium MuiInputLabel-outlined css-19qnlrw-MuiFormLabel-root-MuiInputLabel-root"
                data-shrink="false"
                for=":r1:"
                id=":r1:-label"
              >
                password
                <span
                  aria-hidden="true"
                  class="MuiFormLabel-asterisk MuiInputLabel-asterisk css-1ljffdk-MuiFormLabel-asterisk"
                >
                   
                  *
                </span>
              </label>
              <div
                class="MuiInputBase-root MuiOutlinedInput-root MuiInputBase-colorPrimary MuiInputBase-fullWidth MuiInputBase-formControl MuiInputBase-adornedEnd css-1n04w30-MuiInputBase-root-MuiOutlinedInput-root"
              >
                <input
                  aria-describedby=":r1:-helper-text"
                  aria-invalid="false"
                  class="MuiInputBase-input MuiOutlinedInput-input MuiInputBase-inputAdornedEnd css-1dune0f-MuiInputBase-input-MuiOutlinedInput-input"
                  id=":r1:"
                  name="password"
                  required=""
                  type="password"
                  value=""
                />
                <div
                  class="MuiInputAdornment-root MuiInputAdornment-positionEnd MuiInputAdornment-outlined MuiInputAdornment-sizeMedium css-elo8k2-MuiInputAdornment-root"
                >
                  <button
                    class="MuiButtonBase-root MuiIconButton-root MuiIconButton-sizeMedium css-53g0n7-MuiButtonBase-root-MuiIconButton-root"
                    id=":r2:"
                    tabindex="0"
                    type="button"
                  >
                    <span
                      class="MuiIconButton-loadingIndicator css-165vu30-MuiIconButton-loadingIndicator"
                    />
                    <svg
                      aria-hidden="true"
                      class="MuiSvgIcon-root MuiSvgIcon-fontSizeMedium css-1umw9bq-MuiSvgIcon-root"
                      data-testid="VisibilityOffIcon"
                      focusable="false"
                      viewBox="0 0 24 24"
                    >
                      <path
                        d="M12 7c2.76 0 5 2.24 5 5 0 .65-.13 1.26-.36 1.83l2.92 2.92c1.51-1.26 2.7-2.89 3.43-4.75-1.73-4.39-6-7.5-11-7.5-1.4 0-2.74.25-3.98.7l2.16 2.16C10.74 7.13 11.35 7 12 7M2 4.27l2.28 2.28.46.46C3.08 8.3 1.78 10.02 1 12c1.73 4.39 6 7.5 11 7.5 1.55 0 3.03-.3 4.38-.84l.42.42L19.73 22 21 20.73 3.27 3zM7.53 9.8l1.55 1.55c-.05.21-.08.43-.08.65 0 1.66 1.34 3 3 3 .22 0 .44-.03.65-.08l1.55 1.55c-.67.33-1.41.53-2.2.53-2.76 0-5-2.24-5-5 0-.79.2-1.53.53-2.2m4.31-.78 3.15 3.15.02-.16c0-1.66-1.34-3-3-3z"
                      />
                    </svg>
                  </button>
                </div>
                <fieldset
                  aria-hidden="true"
                  class="MuiOutlinedInput-notchedOutline css-1ll44ll-MuiOutlinedInput-notchedOutline"
                >
                  <legend
                    class="css-81qg8w"
                  >
                    <span>
                      password
                       
                      *
                    </span>
                  </legend>
                </fieldset>
              </div>
              <p
                class="MuiFormHelperText-root MuiFormHelperText-sizeMedium MuiFormHelperText-contained Mui-required css-er619e-MuiFormHelperText-root"
                id=":r1:-helper-text"
              >
                required
              </p>
            </div>
          </div>
          <div />
          <button
            class="MuiButtonBase-root MuiButton-root MuiButton-contained MuiButton-containedSuccess MuiButton-sizeMedium MuiButton-containedSizeMedium MuiButton-colorSuccess MuiButton-fullWidth MuiButton-root MuiButton-contained MuiButton-containedSuccess MuiButton-sizeMedium MuiButton-containedSizeMedium MuiButton-colorSuccess MuiButton-fullWidth css-btdxmb-MuiButtonBase-root-MuiButton-root"
            id=":r3:"
            tabindex="0"
            type="submit"
          >
            signin
          </button>
        </div>
      </div>
    </div>
  </form>
</div>
`;
